Archive member included to satisfy reference by file (symbol)

c:/progra~2/gnuarm~1/102021~1.10/bin/../lib/gcc/arm-none-eabi/10.3.1/../../../../arm-none-eabi/lib/thumb/v7e-m/nofp\libg.a(lib_a-exit.o)
                              c:/progra~2/gnuarm~1/102021~1.10/bin/../lib/gcc/arm-none-eabi/10.3.1/../../../../arm-none-eabi/lib/thumb/v7e-m/nofp/crt0.o (exit)
c:/progra~2/gnuarm~1/102021~1.10/bin/../lib/gcc/arm-none-eabi/10.3.1/../../../../arm-none-eabi/lib/thumb/v7e-m/nofp\libg.a(lib_a-impure.o)
                              c:/progra~2/gnuarm~1/102021~1.10/bin/../lib/gcc/arm-none-eabi/10.3.1/../../../../arm-none-eabi/lib/thumb/v7e-m/nofp\libg.a(lib_a-exit.o) (_global_impure_ptr)
c:/progra~2/gnuarm~1/102021~1.10/bin/../lib/gcc/arm-none-eabi/10.3.1/../../../../arm-none-eabi/lib/thumb/v7e-m/nofp\libg.a(lib_a-init.o)
                              c:/progra~2/gnuarm~1/102021~1.10/bin/../lib/gcc/arm-none-eabi/10.3.1/../../../../arm-none-eabi/lib/thumb/v7e-m/nofp/crt0.o (__libc_init_array)
c:/progra~2/gnuarm~1/102021~1.10/bin/../lib/gcc/arm-none-eabi/10.3.1/../../../../arm-none-eabi/lib/thumb/v7e-m/nofp\libg.a(lib_a-memset.o)
                              c:/progra~2/gnuarm~1/102021~1.10/bin/../lib/gcc/arm-none-eabi/10.3.1/../../../../arm-none-eabi/lib/thumb/v7e-m/nofp/crt0.o (memset)
c:/progra~2/gnuarm~1/102021~1.10/bin/../lib/gcc/arm-none-eabi/10.3.1/../../../../arm-none-eabi/lib/thumb/v7e-m/nofp\libg.a(lib_a-__call_atexit.o)
                              c:/progra~2/gnuarm~1/102021~1.10/bin/../lib/gcc/arm-none-eabi/10.3.1/../../../../arm-none-eabi/lib/thumb/v7e-m/nofp\libg.a(lib_a-exit.o) (__call_exitprocs)
c:/progra~2/gnuarm~1/102021~1.10/bin/../lib/gcc/arm-none-eabi/10.3.1/../../../../arm-none-eabi/lib/thumb/v7e-m/nofp\libg.a(lib_a-atexit.o)
                              c:/progra~2/gnuarm~1/102021~1.10/bin/../lib/gcc/arm-none-eabi/10.3.1/../../../../arm-none-eabi/lib/thumb/v7e-m/nofp\libg.a(lib_a-__call_atexit.o) (atexit)
c:/progra~2/gnuarm~1/102021~1.10/bin/../lib/gcc/arm-none-eabi/10.3.1/../../../../arm-none-eabi/lib/thumb/v7e-m/nofp\libg.a(lib_a-fini.o)
                              c:/progra~2/gnuarm~1/102021~1.10/bin/../lib/gcc/arm-none-eabi/10.3.1/../../../../arm-none-eabi/lib/thumb/v7e-m/nofp\libg.a(lib_a-__call_atexit.o) (__libc_fini_array)
c:/progra~2/gnuarm~1/102021~1.10/bin/../lib/gcc/arm-none-eabi/10.3.1/../../../../arm-none-eabi/lib/thumb/v7e-m/nofp\libg.a(lib_a-lock.o)
                              c:/progra~2/gnuarm~1/102021~1.10/bin/../lib/gcc/arm-none-eabi/10.3.1/../../../../arm-none-eabi/lib/thumb/v7e-m/nofp\libg.a(lib_a-__call_atexit.o) (__retarget_lock_acquire_recursive)
c:/progra~2/gnuarm~1/102021~1.10/bin/../lib/gcc/arm-none-eabi/10.3.1/../../../../arm-none-eabi/lib/thumb/v7e-m/nofp\libg.a(lib_a-__atexit.o)
                              c:/progra~2/gnuarm~1/102021~1.10/bin/../lib/gcc/arm-none-eabi/10.3.1/../../../../arm-none-eabi/lib/thumb/v7e-m/nofp\libg.a(lib_a-atexit.o) (__register_exitproc)

Discarded input sections

 .text          0x00000000        0x0 c:/progra~2/gnuarm~1/102021~1.10/bin/../lib/gcc/arm-none-eabi/10.3.1/thumb/v7e-m/nofp/crti.o
 .data          0x00000000        0x0 c:/progra~2/gnuarm~1/102021~1.10/bin/../lib/gcc/arm-none-eabi/10.3.1/thumb/v7e-m/nofp/crti.o
 .bss           0x00000000        0x0 c:/progra~2/gnuarm~1/102021~1.10/bin/../lib/gcc/arm-none-eabi/10.3.1/thumb/v7e-m/nofp/crti.o
 .data          0x00000000        0x4 c:/progra~2/gnuarm~1/102021~1.10/bin/../lib/gcc/arm-none-eabi/10.3.1/thumb/v7e-m/nofp/crtbegin.o
 .rodata        0x00000000       0x24 c:/progra~2/gnuarm~1/102021~1.10/bin/../lib/gcc/arm-none-eabi/10.3.1/thumb/v7e-m/nofp/crtbegin.o
 .text          0x00000000       0x7c c:/progra~2/gnuarm~1/102021~1.10/bin/../lib/gcc/arm-none-eabi/10.3.1/../../../../arm-none-eabi/lib/thumb/v7e-m/nofp/crt0.o
 .data          0x00000000        0x0 c:/progra~2/gnuarm~1/102021~1.10/bin/../lib/gcc/arm-none-eabi/10.3.1/../../../../arm-none-eabi/lib/thumb/v7e-m/nofp/crt0.o
 .bss           0x00000000        0x0 c:/progra~2/gnuarm~1/102021~1.10/bin/../lib/gcc/arm-none-eabi/10.3.1/../../../../arm-none-eabi/lib/thumb/v7e-m/nofp/crt0.o
 .ARM.extab     0x00000000        0x0 c:/progra~2/gnuarm~1/102021~1.10/bin/../lib/gcc/arm-none-eabi/10.3.1/../../../../arm-none-eabi/lib/thumb/v7e-m/nofp/crt0.o
 .ARM.exidx     0x00000000       0x10 c:/progra~2/gnuarm~1/102021~1.10/bin/../lib/gcc/arm-none-eabi/10.3.1/../../../../arm-none-eabi/lib/thumb/v7e-m/nofp/crt0.o
 .ARM.attributes
                0x00000000       0x1c c:/progra~2/gnuarm~1/102021~1.10/bin/../lib/gcc/arm-none-eabi/10.3.1/../../../../arm-none-eabi/lib/thumb/v7e-m/nofp/crt0.o
 .text          0x00000000        0x0 CMakeFiles/STM32F4xxStdFWLib.elf.dir/BSP/Src/bsp_exti.c.obj
 .data          0x00000000        0x0 CMakeFiles/STM32F4xxStdFWLib.elf.dir/BSP/Src/bsp_exti.c.obj
 .bss           0x00000000        0x0 CMakeFiles/STM32F4xxStdFWLib.elf.dir/BSP/Src/bsp_exti.c.obj
[...]
Memory Configuration

Name             Origin             Length             Attributes
CCMRAM           0x10000000         0x00010000         xrw
RAM              0x20000000         0x00030000         xrw
FLASH            0x08000000         0x00100000         xr
*default*        0x00000000         0xffffffff

Linker script and memory map

LOAD c:/progra~2/gnuarm~1/102021~1.10/bin/../lib/gcc/arm-none-eabi/10.3.1/thumb/v7e-m/nofp/crti.o
LOAD c:/progra~2/gnuarm~1/102021~1.10/bin/../lib/gcc/arm-none-eabi/10.3.1/thumb/v7e-m/nofp/crtbegin.o
LOAD c:/progra~2/gnuarm~1/102021~1.10/bin/../lib/gcc/arm-none-eabi/10.3.1/../../../../arm-none-eabi/lib/thumb/v7e-m/nofp/crt0.o
LOAD CMakeFiles/STM32F4xxStdFWLib.elf.dir/BSP/Src/bsp_exti.c.obj
LOAD CMakeFiles/STM32F4xxStdFWLib.elf.dir/BSP/Src/bsp_led.c.obj
LOAD CMakeFiles/STM32F4xxStdFWLib.elf.dir/BSP/Src/bsp_systick.c.obj
LOAD CMakeFiles/STM32F4xxStdFWLib.elf.dir/BSP/Src/bsp_usart.c.obj
LOAD CMakeFiles/STM32F4xxStdFWLib.elf.dir/Core/Src/main.c.obj
LOAD CMakeFiles/STM32F4xxStdFWLib.elf.dir/Core/Src/stm32f4xx_it.c.obj
LOAD CMakeFiles/STM32F4xxStdFWLib.elf.dir/Core/Startup/startup_stm32f429xx.s.obj
LOAD CMakeFiles/STM32F4xxStdFWLib.elf.dir/Drivers/CMSIS/Device/ST/STM32F4xx/Source/Templates/system_stm32f4xx.c.obj
LOAD CMakeFiles/STM32F4xxStdFWLib.elf.dir/STM32F4xx_StdPeriph_Driver/src/misc.c.obj
LOAD CMakeFiles/STM32F4xxStdFWLib.elf.dir/STM32F4xx_StdPeriph_Driver/src/stm32f4xx_adc.c.obj
LOAD CMakeFiles/STM32F4xxStdFWLib.elf.dir/STM32F4xx_StdPeriph_Driver/src/stm32f4xx_can.c.obj
LOAD CMakeFiles/STM32F4xxStdFWLib.elf.dir/STM32F4xx_StdPeriph_Driver/src/stm32f4xx_cec.c.obj
LOAD CMakeFiles/STM32F4xxStdFWLib.elf.dir/STM32F4xx_StdPeriph_Driver/src/stm32f4xx_crc.c.obj
LOAD CMakeFiles/STM32F4xxStdFWLib.elf.dir/STM32F4xx_StdPeriph_Driver/src/stm32f4xx_cryp.c.obj
LOAD CMakeFiles/STM32F4xxStdFWLib.elf.dir/STM32F4xx_StdPeriph_Driver/src/stm32f4xx_cryp_aes.c.obj
LOAD CMakeFiles/STM32F4xxStdFWLib.elf.dir/STM32F4xx_StdPeriph_Driver/src/stm32f4xx_cryp_des.c.obj
LOAD CMakeFiles/STM32F4xxStdFWLib.elf.dir/STM32F4xx_StdPeriph_Driver/src/stm32f4xx_cryp_tdes.c.obj
LOAD CMakeFiles/STM32F4xxStdFWLib.elf.dir/STM32F4xx_StdPeriph_Driver/src/stm32f4xx_dac.c.obj
LOAD CMakeFiles/STM32F4xxStdFWLib.elf.dir/STM32F4xx_StdPeriph_Driver/src/stm32f4xx_dbgmcu.c.obj
LOAD CMakeFiles/STM32F4xxStdFWLib.elf.dir/STM32F4xx_StdPeriph_Driver/src/stm32f4xx_dcmi.c.obj
LOAD CMakeFiles/STM32F4xxStdFWLib.elf.dir/STM32F4xx_StdPeriph_Driver/src/stm32f4xx_dfsdm.c.obj
LOAD CMakeFiles/STM32F4xxStdFWLib.elf.dir/STM32F4xx_StdPeriph_Driver/src/stm32f4xx_dma.c.obj
LOAD CMakeFiles/STM32F4xxStdFWLib.elf.dir/STM32F4xx_StdPeriph_Driver/src/stm32f4xx_dma2d.c.obj
LOAD CMakeFiles/STM32F4xxStdFWLib.elf.dir/STM32F4xx_StdPeriph_Driver/src/stm32f4xx_dsi.c.obj
LOAD CMakeFiles/STM32F4xxStdFWLib.elf.dir/STM32F4xx_StdPeriph_Driver/src/stm32f4xx_exti.c.obj
LOAD CMakeFiles/STM32F4xxStdFWLib.elf.dir/STM32F4xx_StdPeriph_Driver/src/stm32f4xx_flash.c.obj
LOAD CMakeFiles/STM32F4xxStdFWLib.elf.dir/STM32F4xx_StdPeriph_Driver/src/stm32f4xx_flash_ramfunc.c.obj
LOAD CMakeFiles/STM32F4xxStdFWLib.elf.dir/STM32F4xx_StdPeriph_Driver/src/stm32f4xx_fmc.c.obj
LOAD CMakeFiles/STM32F4xxStdFWLib.elf.dir/STM32F4xx_StdPeriph_Driver/src/stm32f4xx_fmpi2c.c.obj
LOAD CMakeFiles/STM32F4xxStdFWLib.elf.dir/STM32F4xx_StdPeriph_Driver/src/stm32f4xx_gpio.c.obj
LOAD CMakeFiles/STM32F4xxStdFWLib.elf.dir/STM32F4xx_StdPeriph_Driver/src/stm32f4xx_hash.c.obj
LOAD CMakeFiles/STM32F4xxStdFWLib.elf.dir/STM32F4xx_StdPeriph_Driver/src/stm32f4xx_hash_md5.c.obj
LOAD CMakeFiles/STM32F4xxStdFWLib.elf.dir/STM32F4xx_StdPeriph_Driver/src/stm32f4xx_hash_sha1.c.obj
LOAD CMakeFiles/STM32F4xxStdFWLib.elf.dir/STM32F4xx_StdPeriph_Driver/src/stm32f4xx_i2c.c.obj
LOAD CMakeFiles/STM32F4xxStdFWLib.elf.dir/STM32F4xx_StdPeriph_Driver/src/stm32f4xx_iwdg.c.obj
LOAD CMakeFiles/STM32F4xxStdFWLib.elf.dir/STM32F4xx_StdPeriph_Driver/src/stm32f4xx_lptim.c.obj
LOAD CMakeFiles/STM32F4xxStdFWLib.elf.dir/STM32F4xx_StdPeriph_Driver/src/stm32f4xx_ltdc.c.obj
LOAD CMakeFiles/STM32F4xxStdFWLib.elf.dir/STM32F4xx_StdPeriph_Driver/src/stm32f4xx_pwr.c.obj
LOAD CMakeFiles/STM32F4xxStdFWLib.elf.dir/STM32F4xx_StdPeriph_Driver/src/stm32f4xx_qspi.c.obj
LOAD CMakeFiles/STM32F4xxStdFWLib.elf.dir/STM32F4xx_StdPeriph_Driver/src/stm32f4xx_rcc.c.obj
LOAD CMakeFiles/STM32F4xxStdFWLib.elf.dir/STM32F4xx_StdPeriph_Driver/src/stm32f4xx_rng.c.obj
LOAD CMakeFiles/STM32F4xxStdFWLib.elf.dir/STM32F4xx_StdPeriph_Driver/src/stm32f4xx_rtc.c.obj
LOAD CMakeFiles/STM32F4xxStdFWLib.elf.dir/STM32F4xx_StdPeriph_Driver/src/stm32f4xx_sai.c.obj
LOAD CMakeFiles/STM32F4xxStdFWLib.elf.dir/STM32F4xx_StdPeriph_Driver/src/stm32f4xx_sdio.c.obj
LOAD CMakeFiles/STM32F4xxStdFWLib.elf.dir/STM32F4xx_StdPeriph_Driver/src/stm32f4xx_spdifrx.c.obj
LOAD CMakeFiles/STM32F4xxStdFWLib.elf.dir/STM32F4xx_StdPeriph_Driver/src/stm32f4xx_spi.c.obj
LOAD CMakeFiles/STM32F4xxStdFWLib.elf.dir/STM32F4xx_StdPeriph_Driver/src/stm32f4xx_syscfg.c.obj
LOAD CMakeFiles/STM32F4xxStdFWLib.elf.dir/STM32F4xx_StdPeriph_Driver/src/stm32f4xx_tim.c.obj
LOAD CMakeFiles/STM32F4xxStdFWLib.elf.dir/STM32F4xx_StdPeriph_Driver/src/stm32f4xx_usart.c.obj
LOAD CMakeFiles/STM32F4xxStdFWLib.elf.dir/STM32F4xx_StdPeriph_Driver/src/stm32f4xx_wwdg.c.obj
START GROUP
LOAD c:/progra~2/gnuarm~1/102021~1.10/bin/../lib/gcc/arm-none-eabi/10.3.1/thumb/v7e-m/nofp\libgcc.a
LOAD c:/progra~2/gnuarm~1/102021~1.10/bin/../lib/gcc/arm-none-eabi/10.3.1/../../../../arm-none-eabi/lib/thumb/v7e-m/nofp\libg.a
LOAD c:/progra~2/gnuarm~1/102021~1.10/bin/../lib/gcc/arm-none-eabi/10.3.1/../../../../arm-none-eabi/lib/thumb/v7e-m/nofp\libc.a
END GROUP
LOAD c:/progra~2/gnuarm~1/102021~1.10/bin/../lib/gcc/arm-none-eabi/10.3.1/thumb/v7e-m/nofp/crtend.o
LOAD c:/progra~2/gnuarm~1/102021~1.10/bin/../lib/gcc/arm-none-eabi/10.3.1/thumb/v7e-m/nofp/crtn.o
                0x20030000                _estack = (ORIGIN (RAM) + LENGTH (RAM))
                0x00000200                _Min_Heap_Size = 0x200
                0x00000400                _Min_Stack_Size = 0x400

.isr_vector     0x08000000      0x1ac
                0x08000000                . = ALIGN (0x4)
 *(.isr_vector)
 .isr_vector    0x08000000      0x1ac CMakeFiles/STM32F4xxStdFWLib.elf.dir/Core/Startup/startup_stm32f429xx.s.obj
                0x08000000                g_pfnVectors
                0x080001ac                . = ALIGN (0x4)

.text           0x080001ac     0x119c
                0x080001ac                . = ALIGN (0x4)
 *(.text)
 .text          0x080001ac       0x40 c:/progra~2/gnuarm~1/102021~1.10/bin/../lib/gcc/arm-none-eabi/10.3.1/thumb/v7e-m/nofp/crtbegin.o
 *(.text*)
 .text.nvicInitConfig
                0x080001ec       0x28 CMakeFiles/STM32F4xxStdFWLib.elf.dir/BSP/Src/bsp_exti.c.obj
 .text.gpioInitConfig
                0x08000214       0x34 CMakeFiles/STM32F4xxStdFWLib.elf.dir/BSP/Src/bsp_exti.c.obj
 .text.extiPeriphConfig
                0x08000248       0x38 CMakeFiles/STM32F4xxStdFWLib.elf.dir/BSP/Src/bsp_exti.c.obj
 .text.extiConfig
                0x08000280       0x14 CMakeFiles/STM32F4xxStdFWLib.elf.dir/BSP/Src/bsp_exti.c.obj
                0x08000280                extiConfig
 .text.ledInitConfig
                0x08000294      0x104 CMakeFiles/STM32F4xxStdFWLib.elf.dir/BSP/Src/bsp_led.c.obj
                0x08000294                ledInitConfig
 .text.ledTurnOff
                0x08000398       0x38 CMakeFiles/STM32F4xxStdFWLib.elf.dir/BSP/Src/bsp_led.c.obj
                0x08000398                ledTurnOff
 .text.NVIC_SetPriority
                0x080003d0       0x54 CMakeFiles/STM32F4xxStdFWLib.elf.dir/BSP/Src/bsp_systick.c.obj
 .text.SysTick_Config
                0x08000424       0x44 CMakeFiles/STM32F4xxStdFWLib.elf.dir/BSP/Src/bsp_systick.c.obj
 .text.sysTickConfig
                0x08000468       0x14 CMakeFiles/STM32F4xxStdFWLib.elf.dir/BSP/Src/bsp_systick.c.obj
                0x08000468                sysTickConfig
 .text.timeDecrement
                0x0800047c       0x1c CMakeFiles/STM32F4xxStdFWLib.elf.dir/BSP/Src/bsp_systick.c.obj
                0x0800047c                timeDecrement
 .text.nvicInitConfig
                0x08000498       0x28 CMakeFiles/STM32F4xxStdFWLib.elf.dir/BSP/Src/bsp_usart.c.obj
 .text.gpioInitConfig
                0x080004c0       0x68 CMakeFiles/STM32F4xxStdFWLib.elf.dir/BSP/Src/bsp_usart.c.obj
 .text.usartInitConfig
                0x08000528       0x48 CMakeFiles/STM32F4xxStdFWLib.elf.dir/BSP/Src/bsp_usart.c.obj
 .text.usartConfig
                0x08000570       0x14 CMakeFiles/STM32F4xxStdFWLib.elf.dir/BSP/Src/bsp_usart.c.obj
                0x08000570                usartConfig
 .text.main     0x08000584       0x38 CMakeFiles/STM32F4xxStdFWLib.elf.dir/Core/Src/main.c.obj
                0x08000584                main
 .text.NMI_Handler
                0x080005bc        0xc CMakeFiles/STM32F4xxStdFWLib.elf.dir/Core/Src/stm32f4xx_it.c.obj
                0x080005bc                NMI_Handler
 .text.HardFault_Handler
                0x080005c8        0x6 CMakeFiles/STM32F4xxStdFWLib.elf.dir/Core/Src/stm32f4xx_it.c.obj
                0x080005c8                HardFault_Handler
 .text.MemManage_Handler
                0x080005ce        0x6 CMakeFiles/STM32F4xxStdFWLib.elf.dir/Core/Src/stm32f4xx_it.c.obj
                0x080005ce                MemManage_Handler
 .text.BusFault_Handler
                0x080005d4        0x6 CMakeFiles/STM32F4xxStdFWLib.elf.dir/Core/Src/stm32f4xx_it.c.obj
                0x080005d4                BusFault_Handler
 .text.UsageFault_Handler
                0x080005da        0x6 CMakeFiles/STM32F4xxStdFWLib.elf.dir/Core/Src/stm32f4xx_it.c.obj
                0x080005da                UsageFault_Handler
 .text.SVC_Handler
                0x080005e0        0xc CMakeFiles/STM32F4xxStdFWLib.elf.dir/Core/Src/stm32f4xx_it.c.obj
                0x080005e0                SVC_Handler
 .text.DebugMon_Handler
                0x080005ec        0xc CMakeFiles/STM32F4xxStdFWLib.elf.dir/Core/Src/stm32f4xx_it.c.obj
                0x080005ec                DebugMon_Handler
 .text.PendSV_Handler
                0x080005f8        0xc CMakeFiles/STM32F4xxStdFWLib.elf.dir/Core/Src/stm32f4xx_it.c.obj
                0x080005f8                PendSV_Handler
 .text.SysTick_Handler
                0x08000604        0xc CMakeFiles/STM32F4xxStdFWLib.elf.dir/Core/Src/stm32f4xx_it.c.obj
                0x08000604                SysTick_Handler
 .text.EXTI15_10_IRQHandler
                0x08000610       0x2c CMakeFiles/STM32F4xxStdFWLib.elf.dir/Core/Src/stm32f4xx_it.c.obj
                0x08000610                EXTI15_10_IRQHandler
 .text.USART1_IRQHandler
                0x0800063c       0x2c CMakeFiles/STM32F4xxStdFWLib.elf.dir/Core/Src/stm32f4xx_it.c.obj
                0x0800063c                USART1_IRQHandler
 .text.Reset_Handler
                0x08000668       0x50 CMakeFiles/STM32F4xxStdFWLib.elf.dir/Core/Startup/startup_stm32f429xx.s.obj
                0x08000668                Reset_Handler
 .text.Default_Handler
                0x080006b8        0x2 CMakeFiles/STM32F4xxStdFWLib.elf.dir/Core/Startup/startup_stm32f429xx.s.obj
                0x080006b8                RTC_Alarm_IRQHandler
                0x080006b8                HASH_RNG_IRQHandler
                0x080006b8                EXTI2_IRQHandler
                0x080006b8                TIM8_CC_IRQHandler
                0x080006b8                UART8_IRQHandler
                0x080006b8                SPI4_IRQHandler
                0x080006b8                TIM1_CC_IRQHandler
                0x080006b8                DMA2_Stream5_IRQHandler
                0x080006b8                DMA1_Stream5_IRQHandler
                0x080006b8                PVD_IRQHandler
                0x080006b8                SDIO_IRQHandler
                0x080006b8                TAMP_STAMP_IRQHandler
                0x080006b8                CAN2_RX1_IRQHandler
                0x080006b8                EXTI3_IRQHandler
                0x080006b8                TIM8_TRG_COM_TIM14_IRQHandler
                0x080006b8                TIM1_UP_TIM10_IRQHandler
                0x080006b8                TIM8_UP_TIM13_IRQHandler
                0x080006b8                I2C3_ER_IRQHandler
                0x080006b8                EXTI0_IRQHandler
                0x080006b8                I2C2_EV_IRQHandler
                0x080006b8                DMA1_Stream2_IRQHandler
                0x080006b8                CAN1_RX0_IRQHandler
                0x080006b8                FPU_IRQHandler
                0x080006b8                OTG_HS_WKUP_IRQHandler
                0x080006b8                LTDC_ER_IRQHandler
                0x080006b8                CAN2_SCE_IRQHandler
                0x080006b8                DMA2_Stream2_IRQHandler
                0x080006b8                SPI1_IRQHandler
                0x080006b8                TIM6_DAC_IRQHandler
                0x080006b8                TIM1_BRK_TIM9_IRQHandler
                0x080006b8                DCMI_IRQHandler
                0x080006b8                CAN2_RX0_IRQHandler
                0x080006b8                DMA2_Stream3_IRQHandler
                0x080006b8                USART6_IRQHandler
                0x080006b8                USART3_IRQHandler
                0x080006b8                CAN1_RX1_IRQHandler
                0x080006b8                UART5_IRQHandler
                0x080006b8                DMA2_Stream0_IRQHandler
                0x080006b8                TIM4_IRQHandler
                0x080006b8                I2C1_EV_IRQHandler
                0x080006b8                DMA1_Stream6_IRQHandler
                0x080006b8                DMA1_Stream1_IRQHandler
                0x080006b8                UART4_IRQHandler
                0x080006b8                TIM3_IRQHandler
                0x080006b8                RCC_IRQHandler
                0x080006b8                TIM8_BRK_TIM12_IRQHandler
                0x080006b8                Default_Handler
                0x080006b8                ADC_IRQHandler
                0x080006b8                DMA1_Stream7_IRQHandler
                0x080006b8                SPI5_IRQHandler
                0x080006b8                TIM7_IRQHandler
                0x080006b8                CAN2_TX_IRQHandler
                0x080006b8                TIM5_IRQHandler
                0x080006b8                DMA2_Stream7_IRQHandler
                0x080006b8                I2C3_EV_IRQHandler
                0x080006b8                EXTI9_5_IRQHandler
                0x080006b8                RTC_WKUP_IRQHandler
                0x080006b8                LTDC_IRQHandler
                0x080006b8                ETH_WKUP_IRQHandler
                0x080006b8                SPI2_IRQHandler
                0x080006b8                OTG_HS_EP1_IN_IRQHandler
                0x080006b8                DMA1_Stream0_IRQHandler
                0x080006b8                CAN1_TX_IRQHandler
                0x080006b8                EXTI4_IRQHandler
                0x080006b8                ETH_IRQHandler
                0x080006b8                OTG_HS_EP1_OUT_IRQHandler
                0x080006b8                WWDG_IRQHandler
                0x080006b8                SPI6_IRQHandler
                0x080006b8                TIM2_IRQHandler
                0x080006b8                OTG_FS_WKUP_IRQHandler
                0x080006b8                TIM1_TRG_COM_TIM11_IRQHandler
                0x080006b8                OTG_HS_IRQHandler
                0x080006b8                DMA2D_IRQHandler
                0x080006b8                EXTI1_IRQHandler
                0x080006b8                UART7_IRQHandler
                0x080006b8                USART2_IRQHandler
                0x080006b8                I2C2_ER_IRQHandler
                0x080006b8                DMA2_Stream1_IRQHandler
                0x080006b8                CAN1_SCE_IRQHandler
                0x080006b8                FLASH_IRQHandler
                0x080006b8                DMA2_Stream4_IRQHandler
                0x080006b8                OTG_FS_IRQHandler
                0x080006b8                SPI3_IRQHandler
                0x080006b8                DMA1_Stream4_IRQHandler
                0x080006b8                I2C1_ER_IRQHandler
                0x080006b8                FMC_IRQHandler
                0x080006b8                DMA2_Stream6_IRQHandler
                0x080006b8                SAI1_IRQHandler
                0x080006b8                DMA1_Stream3_IRQHandler
 *fill*         0x080006ba        0x2 
 .text.SystemInit
                0x080006bc       0x5c CMakeFiles/STM32F4xxStdFWLib.elf.dir/Drivers/CMSIS/Device/ST/STM32F4xx/Source/Templates/system_stm32f4xx.c.obj
                0x080006bc                SystemInit
 .text.SetSysClock
                0x08000718      0x128 CMakeFiles/STM32F4xxStdFWLib.elf.dir/Drivers/CMSIS/Device/ST/STM32F4xx/Source/Templates/system_stm32f4xx.c.obj
 .text.NVIC_PriorityGroupConfig
                0x08000840       0x24 CMakeFiles/STM32F4xxStdFWLib.elf.dir/STM32F4xx_StdPeriph_Driver/src/misc.c.obj
                0x08000840                NVIC_PriorityGroupConfig
 .text.NVIC_Init
                0x08000864       0xc4 CMakeFiles/STM32F4xxStdFWLib.elf.dir/STM32F4xx_StdPeriph_Driver/src/misc.c.obj
                0x08000864                NVIC_Init
 .text.EXTI_Init
                0x08000928       0xe4 CMakeFiles/STM32F4xxStdFWLib.elf.dir/STM32F4xx_StdPeriph_Driver/src/stm32f4xx_exti.c.obj
                0x08000928                EXTI_Init
 .text.EXTI_GetITStatus
                0x08000a0c       0x34 CMakeFiles/STM32F4xxStdFWLib.elf.dir/STM32F4xx_StdPeriph_Driver/src/stm32f4xx_exti.c.obj
                0x08000a0c                EXTI_GetITStatus
 .text.EXTI_ClearITPendingBit
                0x08000a40       0x1c CMakeFiles/STM32F4xxStdFWLib.elf.dir/STM32F4xx_StdPeriph_Driver/src/stm32f4xx_exti.c.obj
                0x08000a40                EXTI_ClearITPendingBit
 .text.GPIO_Init
                0x08000a5c      0x11c CMakeFiles/STM32F4xxStdFWLib.elf.dir/STM32F4xx_StdPeriph_Driver/src/stm32f4xx_gpio.c.obj
                0x08000a5c                GPIO_Init
 .text.GPIO_SetBits
                0x08000b78       0x1c CMakeFiles/STM32F4xxStdFWLib.elf.dir/STM32F4xx_StdPeriph_Driver/src/stm32f4xx_gpio.c.obj
                0x08000b78                GPIO_SetBits
 .text.GPIO_ResetBits
                0x08000b94       0x1c CMakeFiles/STM32F4xxStdFWLib.elf.dir/STM32F4xx_StdPeriph_Driver/src/stm32f4xx_gpio.c.obj
                0x08000b94                GPIO_ResetBits
 .text.GPIO_ToggleBits
                0x08000bb0       0x22 CMakeFiles/STM32F4xxStdFWLib.elf.dir/STM32F4xx_StdPeriph_Driver/src/stm32f4xx_gpio.c.obj
                0x08000bb0                GPIO_ToggleBits
 .text.GPIO_PinAFConfig
                0x08000bd2       0x90 CMakeFiles/STM32F4xxStdFWLib.elf.dir/STM32F4xx_StdPeriph_Driver/src/stm32f4xx_gpio.c.obj
                0x08000bd2                GPIO_PinAFConfig
 *fill*         0x08000c62        0x2 
 .text.RCC_GetClocksFreq
                0x08000c64      0x15c CMakeFiles/STM32F4xxStdFWLib.elf.dir/STM32F4xx_StdPeriph_Driver/src/stm32f4xx_rcc.c.obj
                0x08000c64                RCC_GetClocksFreq
 .text.RCC_AHB1PeriphClockCmd
                0x08000dc0       0x3c CMakeFiles/STM32F4xxStdFWLib.elf.dir/STM32F4xx_StdPeriph_Driver/src/stm32f4xx_rcc.c.obj
                0x08000dc0                RCC_AHB1PeriphClockCmd
 .text.RCC_APB2PeriphClockCmd
                0x08000dfc       0x3c CMakeFiles/STM32F4xxStdFWLib.elf.dir/STM32F4xx_StdPeriph_Driver/src/stm32f4xx_rcc.c.obj
                0x08000dfc                RCC_APB2PeriphClockCmd
 .text.SYSCFG_EXTILineConfig
                0x08000e38       0x80 CMakeFiles/STM32F4xxStdFWLib.elf.dir/STM32F4xx_StdPeriph_Driver/src/stm32f4xx_syscfg.c.obj
                0x08000e38                SYSCFG_EXTILineConfig
 .text.USART_Init
                0x08000eb8      0x174 CMakeFiles/STM32F4xxStdFWLib.elf.dir/STM32F4xx_StdPeriph_Driver/src/stm32f4xx_usart.c.obj
                0x08000eb8                USART_Init
 .text.USART_Cmd
                0x0800102c       0x3e CMakeFiles/STM32F4xxStdFWLib.elf.dir/STM32F4xx_StdPeriph_Driver/src/stm32f4xx_usart.c.obj
                0x0800102c                USART_Cmd
 .text.USART_SendData
                0x0800106a       0x22 CMakeFiles/STM32F4xxStdFWLib.elf.dir/STM32F4xx_StdPeriph_Driver/src/stm32f4xx_usart.c.obj
                0x0800106a                USART_SendData
 .text.USART_ITConfig
                0x0800108c       0x8e CMakeFiles/STM32F4xxStdFWLib.elf.dir/STM32F4xx_StdPeriph_Driver/src/stm32f4xx_usart.c.obj
                0x0800108c                USART_ITConfig
 .text.USART_GetITStatus
                0x0800111a       0xb4 CMakeFiles/STM32F4xxStdFWLib.elf.dir/STM32F4xx_StdPeriph_Driver/src/stm32f4xx_usart.c.obj
                0x0800111a                USART_GetITStatus
 .text.USART_ClearITPendingBit
                0x080011ce       0x38 CMakeFiles/STM32F4xxStdFWLib.elf.dir/STM32F4xx_StdPeriph_Driver/src/stm32f4xx_usart.c.obj
                0x080011ce                USART_ClearITPendingBit
 *fill*         0x08001206        0x2 
 .text.__libc_init_array
                0x08001208       0x48 c:/progra~2/gnuarm~1/102021~1.10/bin/../lib/gcc/arm-none-eabi/10.3.1/../../../../arm-none-eabi/lib/thumb/v7e-m/nofp\libg.a(lib_a-init.o)
                0x08001208                __libc_init_array
 .text.startup.register_fini
                0x08001250       0x14 c:/progra~2/gnuarm~1/102021~1.10/bin/../lib/gcc/arm-none-eabi/10.3.1/../../../../arm-none-eabi/lib/thumb/v7e-m/nofp\libg.a(lib_a-__call_atexit.o)
 .text.atexit   0x08001264        0xc c:/progra~2/gnuarm~1/102021~1.10/bin/../lib/gcc/arm-none-eabi/10.3.1/../../../../arm-none-eabi/lib/thumb/v7e-m/nofp\libg.a(lib_a-atexit.o)
                0x08001264                atexit
 .text.__libc_fini_array
                0x08001270       0x2c c:/progra~2/gnuarm~1/102021~1.10/bin/../lib/gcc/arm-none-eabi/10.3.1/../../../../arm-none-eabi/lib/thumb/v7e-m/nofp\libg.a(lib_a-fini.o)
                0x08001270                __libc_fini_array
 .text.__retarget_lock_acquire_recursive
                0x0800129c        0x4 c:/progra~2/gnuarm~1/102021~1.10/bin/../lib/gcc/arm-none-eabi/10.3.1/../../../../arm-none-eabi/lib/thumb/v7e-m/nofp\libg.a(lib_a-lock.o)
                0x0800129c                __retarget_lock_acquire_recursive
 .text.__retarget_lock_release_recursive
                0x080012a0        0x4 c:/progra~2/gnuarm~1/102021~1.10/bin/../lib/gcc/arm-none-eabi/10.3.1/../../../../arm-none-eabi/lib/thumb/v7e-m/nofp\libg.a(lib_a-lock.o)
                0x080012a0                __retarget_lock_release_recursive
 .text.__register_exitproc
                0x080012a4       0x8c c:/progra~2/gnuarm~1/102021~1.10/bin/../lib/gcc/arm-none-eabi/10.3.1/../../../../arm-none-eabi/lib/thumb/v7e-m/nofp\libg.a(lib_a-__atexit.o)
                0x080012a4                __register_exitproc
 *(.glue_7)
 .glue_7        0x08001330        0x0 linker stubs
 *(.glue_7t)
 .glue_7t       0x08001330        0x0 linker stubs
 *(.eh_frame)
 .eh_frame      0x08001330        0x0 c:/progra~2/gnuarm~1/102021~1.10/bin/../lib/gcc/arm-none-eabi/10.3.1/thumb/v7e-m/nofp/crtbegin.o
 *(.init)
 .init          0x08001330        0x4 c:/progra~2/gnuarm~1/102021~1.10/bin/../lib/gcc/arm-none-eabi/10.3.1/thumb/v7e-m/nofp/crti.o
                0x08001330                _init
 .init          0x08001334        0x8 c:/progra~2/gnuarm~1/102021~1.10/bin/../lib/gcc/arm-none-eabi/10.3.1/thumb/v7e-m/nofp/crtn.o
 *(.fini)
 .fini          0x0800133c        0x4 c:/progra~2/gnuarm~1/102021~1.10/bin/../lib/gcc/arm-none-eabi/10.3.1/thumb/v7e-m/nofp/crti.o
                0x0800133c                _fini
 .fini          0x08001340        0x8 c:/progra~2/gnuarm~1/102021~1.10/bin/../lib/gcc/arm-none-eabi/10.3.1/thumb/v7e-m/nofp/crtn.o
                0x08001348                . = ALIGN (0x4)
                0x08001348                _etext = .

.vfp11_veneer   0x08001348        0x0
 .vfp11_veneer  0x08001348        0x0 linker stubs

.v4_bx          0x08001348        0x0
 .v4_bx         0x08001348        0x0 linker stubs

.iplt           0x08001348        0x0
 .iplt          0x08001348        0x0 c:/progra~2/gnuarm~1/102021~1.10/bin/../lib/gcc/arm-none-eabi/10.3.1/thumb/v7e-m/nofp/crtbegin.o

.rodata         0x08001348       0x50
                0x08001348                . = ALIGN (0x4)
 *(.rodata)
 .rodata        0x08001348       0x14 CMakeFiles/STM32F4xxStdFWLib.elf.dir/BSP/Src/bsp_exti.c.obj
 .rodata        0x0800135c       0x24 CMakeFiles/STM32F4xxStdFWLib.elf.dir/BSP/Src/bsp_usart.c.obj
 .rodata        0x08001380       0x14 CMakeFiles/STM32F4xxStdFWLib.elf.dir/Core/Src/main.c.obj
 *(.rodata*)
 .rodata._global_impure_ptr
                0x08001394        0x4 c:/progra~2/gnuarm~1/102021~1.10/bin/../lib/gcc/arm-none-eabi/10.3.1/../../../../arm-none-eabi/lib/thumb/v7e-m/nofp\libg.a(lib_a-impure.o)
                0x08001394                _global_impure_ptr
                0x08001398                . = ALIGN (0x4)

.rel.dyn        0x08001398        0x0
 .rel.iplt      0x08001398        0x0 c:/progra~2/gnuarm~1/102021~1.10/bin/../lib/gcc/arm-none-eabi/10.3.1/thumb/v7e-m/nofp/crtbegin.o

.ARM.extab      0x08001398        0x0
                0x08001398                . = ALIGN (0x4)
 *(.ARM.extab* .gnu.linkonce.armextab.*)
                0x08001398                . = ALIGN (0x4)

.ARM            0x08001398        0x0
                0x08001398                . = ALIGN (0x4)
                0x08001398                __exidx_start = .
 *(.ARM.exidx*)
                0x08001398                __exidx_end = .
                0x08001398                . = ALIGN (0x4)

.preinit_array  0x08001398        0x0
                0x08001398                . = ALIGN (0x4)
                0x08001398                PROVIDE (__preinit_array_start = .)
 *(.preinit_array*)
                0x08001398                PROVIDE (__preinit_array_end = .)
                0x08001398                . = ALIGN (0x4)

.init_array     0x08001398        0x8
                0x08001398                . = ALIGN (0x4)
                0x08001398                PROVIDE (__init_array_start = .)
 *(SORT_BY_NAME(.init_array.*))
 .init_array.00000
                0x08001398        0x4 c:/progra~2/gnuarm~1/102021~1.10/bin/../lib/gcc/arm-none-eabi/10.3.1/../../../../arm-none-eabi/lib/thumb/v7e-m/nofp\libg.a(lib_a-__call_atexit.o)
 *(.init_array*)
 .init_array    0x0800139c        0x4 c:/progra~2/gnuarm~1/102021~1.10/bin/../lib/gcc/arm-none-eabi/10.3.1/thumb/v7e-m/nofp/crtbegin.o
                0x080013a0                PROVIDE (__init_array_end = .)
                0x080013a0                . = ALIGN (0x4)

.fini_array     0x080013a0        0x4
                0x080013a0                . = ALIGN (0x4)
                0x080013a0                PROVIDE (__fini_array_start = .)
 *(SORT_BY_NAME(.fini_array.*))
 *(.fini_array*)
 .fini_array    0x080013a0        0x4 c:/progra~2/gnuarm~1/102021~1.10/bin/../lib/gcc/arm-none-eabi/10.3.1/thumb/v7e-m/nofp/crtbegin.o
                0x080013a4                PROVIDE (__fini_array_end = .)
                0x080013a4                . = ALIGN (0x4)
                0x080013a4                _sidata = LOADADDR (.data)

.data           0x20000000      0x43c load address 0x080013a4
                0x20000000                . = ALIGN (0x4)
                0x20000000                _sdata = .
 *(.data)
 *(.data*)
 .data.APBAHBPrescTable
                0x20000000       0x10 CMakeFiles/STM32F4xxStdFWLib.elf.dir/STM32F4xx_StdPeriph_Driver/src/stm32f4xx_rcc.c.obj
 .data.impure_data
                0x20000010      0x428 c:/progra~2/gnuarm~1/102021~1.10/bin/../lib/gcc/arm-none-eabi/10.3.1/../../../../arm-none-eabi/lib/thumb/v7e-m/nofp\libg.a(lib_a-impure.o)
 .data.__atexit_recursive_mutex
                0x20000438        0x4 c:/progra~2/gnuarm~1/102021~1.10/bin/../lib/gcc/arm-none-eabi/10.3.1/../../../../arm-none-eabi/lib/thumb/v7e-m/nofp\libg.a(lib_a-__call_atexit.o)
                0x20000438                __atexit_recursive_mutex
                0x2000043c                . = ALIGN (0x4)
                0x2000043c                _edata = .

.igot.plt       0x2000043c        0x0 load address 0x080017e0
 .igot.plt      0x2000043c        0x0 c:/progra~2/gnuarm~1/102021~1.10/bin/../lib/gcc/arm-none-eabi/10.3.1/thumb/v7e-m/nofp/crtbegin.o
                0x2000043c                . = ALIGN (0x4)

.bss            0x2000043c       0x24 load address 0x080017e0
                0x2000043c                _sbss = .
                0x2000043c                __bss_start__ = _sbss
 *(.bss)
 .bss           0x2000043c       0x1c c:/progra~2/gnuarm~1/102021~1.10/bin/../lib/gcc/arm-none-eabi/10.3.1/thumb/v7e-m/nofp/crtbegin.o
 *(.bss*)
 .bss.gTimeDecrement
                0x20000458        0x4 CMakeFiles/STM32F4xxStdFWLib.elf.dir/BSP/Src/bsp_systick.c.obj
                0x20000458                gTimeDecrement
 .bss.__lock___atexit_recursive_mutex
                0x2000045c        0x1 c:/progra~2/gnuarm~1/102021~1.10/bin/../lib/gcc/arm-none-eabi/10.3.1/../../../../arm-none-eabi/lib/thumb/v7e-m/nofp\libg.a(lib_a-lock.o)
                0x2000045c                __lock___atexit_recursive_mutex
 *(COMMON)
                0x20000460                . = ALIGN (0x4)
 *fill*         0x2000045d        0x3 
                0x20000460                _ebss = .
                0x20000460                __bss_end__ = _ebss

._user_heap_stack
                0x20000460      0x600 load address 0x080017e0
                0x20000460                . = ALIGN (0x8)
                [!provide]                PROVIDE (end = .)
                [!provide]                PROVIDE (_end = .)
                0x20000660                . = (. + _Min_Heap_Size)
 *fill*         0x20000460      0x200 
                0x20000a60                . = (. + _Min_Stack_Size)
 *fill*         0x20000660      0x400 
                0x20000a60                . = ALIGN (0x8)

/DISCARD/
 libc.a(*)
 libm.a(*)
 libgcc.a(*)

.ARM.attributes
                0x00000000       0x2a
 *(.ARM.attributes)
 .ARM.attributes
                0x00000000       0x1e c:/progra~2/gnuarm~1/102021~1.10/bin/../lib/gcc/arm-none-eabi/10.3.1/thumb/v7e-m/nofp/crti.o
 .ARM.attributes
                0x0000001e       0x2e c:/progra~2/gnuarm~1/102021~1.10/bin/../lib/gcc/arm-none-eabi/10.3.1/thumb/v7e-m/nofp/crtbegin.o
 .ARM.attributes
                0x0000004c       0x2e CMakeFiles/STM32F4xxStdFWLib.elf.dir/BSP/Src/bsp_exti.c.obj
 .ARM.attributes
                0x0000007a       0x2e CMakeFiles/STM32F4xxStdFWLib.elf.dir/BSP/Src/bsp_led.c.obj
 .ARM.attributes
                0x000000a8       0x2e CMakeFiles/STM32F4xxStdFWLib.elf.dir/BSP/Src/bsp_systick.c.obj
 .ARM.attributes
                0x000000d6       0x2e CMakeFiles/STM32F4xxStdFWLib.elf.dir/BSP/Src/bsp_usart.c.obj
 .ARM.attributes
                0x00000104       0x2e CMakeFiles/STM32F4xxStdFWLib.elf.dir/Core/Src/main.c.obj
 .ARM.attributes
                0x00000132       0x2e CMakeFiles/STM32F4xxStdFWLib.elf.dir/Core/Src/stm32f4xx_it.c.obj
 .ARM.attributes
                0x00000160       0x21 CMakeFiles/STM32F4xxStdFWLib.elf.dir/Core/Startup/startup_stm32f429xx.s.obj
 .ARM.attributes
                0x00000181       0x2e CMakeFiles/STM32F4xxStdFWLib.elf.dir/Drivers/CMSIS/Device/ST/STM32F4xx/Source/Templates/system_stm32f4xx.c.obj
 .ARM.attributes
                0x000001af       0x2e CMakeFiles/STM32F4xxStdFWLib.elf.dir/STM32F4xx_StdPeriph_Driver/src/misc.c.obj
 .ARM.attributes
                0x000001dd       0x2e CMakeFiles/STM32F4xxStdFWLib.elf.dir/STM32F4xx_StdPeriph_Driver/src/stm32f4xx_exti.c.obj
 .ARM.attributes
                0x0000020b       0x2e CMakeFiles/STM32F4xxStdFWLib.elf.dir/STM32F4xx_StdPeriph_Driver/src/stm32f4xx_gpio.c.obj
 .ARM.attributes
                0x00000239       0x2e CMakeFiles/STM32F4xxStdFWLib.elf.dir/STM32F4xx_StdPeriph_Driver/src/stm32f4xx_rcc.c.obj
 .ARM.attributes
                0x00000267       0x2e CMakeFiles/STM32F4xxStdFWLib.elf.dir/STM32F4xx_StdPeriph_Driver/src/stm32f4xx_syscfg.c.obj
 .ARM.attributes
                0x00000295       0x2e CMakeFiles/STM32F4xxStdFWLib.elf.dir/STM32F4xx_StdPeriph_Driver/src/stm32f4xx_usart.c.obj
 .ARM.attributes
                0x000002c3       0x2e c:/progra~2/gnuarm~1/102021~1.10/bin/../lib/gcc/arm-none-eabi/10.3.1/../../../../arm-none-eabi/lib/thumb/v7e-m/nofp\libg.a(lib_a-impure.o)
 .ARM.attributes
                0x000002f1       0x2e c:/progra~2/gnuarm~1/102021~1.10/bin/../lib/gcc/arm-none-eabi/10.3.1/../../../../arm-none-eabi/lib/thumb/v7e-m/nofp\libg.a(lib_a-init.o)
 .ARM.attributes
                0x0000031f       0x2e c:/progra~2/gnuarm~1/102021~1.10/bin/../lib/gcc/arm-none-eabi/10.3.1/../../../../arm-none-eabi/lib/thumb/v7e-m/nofp\libg.a(lib_a-__call_atexit.o)
 .ARM.attributes
                0x0000034d       0x2e c:/progra~2/gnuarm~1/102021~1.10/bin/../lib/gcc/arm-none-eabi/10.3.1/../../../../arm-none-eabi/lib/thumb/v7e-m/nofp\libg.a(lib_a-atexit.o)
 .ARM.attributes
                0x0000037b       0x2e c:/progra~2/gnuarm~1/102021~1.10/bin/../lib/gcc/arm-none-eabi/10.3.1/../../../../arm-none-eabi/lib/thumb/v7e-m/nofp\libg.a(lib_a-fini.o)
 .ARM.attributes
                0x000003a9       0x2e c:/progra~2/gnuarm~1/102021~1.10/bin/../lib/gcc/arm-none-eabi/10.3.1/../../../../arm-none-eabi/lib/thumb/v7e-m/nofp\libg.a(lib_a-lock.o)
 .ARM.attributes
                0x000003d7       0x2e c:/progra~2/gnuarm~1/102021~1.10/bin/../lib/gcc/arm-none-eabi/10.3.1/../../../../arm-none-eabi/lib/thumb/v7e-m/nofp\libg.a(lib_a-__atexit.o)
 .ARM.attributes
                0x00000405       0x1e c:/progra~2/gnuarm~1/102021~1.10/bin/../lib/gcc/arm-none-eabi/10.3.1/thumb/v7e-m/nofp/crtn.o
OUTPUT(STM32F4xxStdFWLib.elf elf32-littlearm)
LOAD linker stubs
LOAD c:/progra~2/gnuarm~1/102021~1.10/bin/../lib/gcc/arm-none-eabi/10.3.1/../../../../arm-none-eabi/lib/thumb/v7e-m/nofp\libc.a
LOAD c:/progra~2/gnuarm~1/102021~1.10/bin/../lib/gcc/arm-none-eabi/10.3.1/../../../../arm-none-eabi/lib/thumb/v7e-m/nofp\libm.a
LOAD c:/progra~2/gnuarm~1/102021~1.10/bin/../lib/gcc/arm-none-eabi/10.3.1/thumb/v7e-m/nofp\libgcc.a

.debug_info     0x00000000     0x4d7f
 .debug_info    0x00000000      0x67e CMakeFiles/STM32F4xxStdFWLib.elf.dir/BSP/Src/bsp_exti.c.obj
 .debug_info    0x0000067e      0x31d CMakeFiles/STM32F4xxStdFWLib.elf.dir/BSP/Src/bsp_led.c.obj
 .debug_info    0x0000099b      0x724 CMakeFiles/STM32F4xxStdFWLib.elf.dir/BSP/Src/bsp_systick.c.obj
 .debug_info    0x000010bf      0x77c CMakeFiles/STM32F4xxStdFWLib.elf.dir/BSP/Src/bsp_usart.c.obj
 .debug_info    0x0000183b       0xe1 CMakeFiles/STM32F4xxStdFWLib.elf.dir/Core/Src/main.c.obj
 .debug_info    0x0000191c      0x33f CMakeFiles/STM32F4xxStdFWLib.elf.dir/Core/Src/stm32f4xx_it.c.obj
 .debug_info    0x00001c5b       0x22 CMakeFiles/STM32F4xxStdFWLib.elf.dir/Core/Startup/startup_stm32f429xx.s.obj
 .debug_info    0x00001c7d      0x63e CMakeFiles/STM32F4xxStdFWLib.elf.dir/Drivers/CMSIS/Device/ST/STM32F4xx/Source/Templates/system_stm32f4xx.c.obj
 .debug_info    0x000022bb      0x55c CMakeFiles/STM32F4xxStdFWLib.elf.dir/STM32F4xx_StdPeriph_Driver/src/misc.c.obj
 .debug_info    0x00002817      0x34d CMakeFiles/STM32F4xxStdFWLib.elf.dir/STM32F4xx_StdPeriph_Driver/src/stm32f4xx_exti.c.obj
 .debug_info    0x00002b64      0x649 CMakeFiles/STM32F4xxStdFWLib.elf.dir/STM32F4xx_StdPeriph_Driver/src/stm32f4xx_gpio.c.obj
 .debug_info    0x000031ad      0xf12 CMakeFiles/STM32F4xxStdFWLib.elf.dir/STM32F4xx_StdPeriph_Driver/src/stm32f4xx_rcc.c.obj
 .debug_info    0x000040bf      0x28e CMakeFiles/STM32F4xxStdFWLib.elf.dir/STM32F4xx_StdPeriph_Driver/src/stm32f4xx_syscfg.c.obj
 .debug_info    0x0000434d      0xa32 CMakeFiles/STM32F4xxStdFWLib.elf.dir/STM32F4xx_StdPeriph_Driver/src/stm32f4xx_usart.c.obj

.debug_abbrev   0x00000000     0x1242
 .debug_abbrev  0x00000000      0x15c CMakeFiles/STM32F4xxStdFWLib.elf.dir/BSP/Src/bsp_exti.c.obj
 .debug_abbrev  0x0000015c      0x126 CMakeFiles/STM32F4xxStdFWLib.elf.dir/BSP/Src/bsp_led.c.obj
 .debug_abbrev  0x00000282      0x1b3 CMakeFiles/STM32F4xxStdFWLib.elf.dir/BSP/Src/bsp_systick.c.obj
 .debug_abbrev  0x00000435      0x19b CMakeFiles/STM32F4xxStdFWLib.elf.dir/BSP/Src/bsp_usart.c.obj
 .debug_abbrev  0x000005d0       0x76 CMakeFiles/STM32F4xxStdFWLib.elf.dir/Core/Src/main.c.obj
 .debug_abbrev  0x00000646       0xfe CMakeFiles/STM32F4xxStdFWLib.elf.dir/Core/Src/stm32f4xx_it.c.obj
 .debug_abbrev  0x00000744       0x12 CMakeFiles/STM32F4xxStdFWLib.elf.dir/Core/Startup/startup_stm32f429xx.s.obj
 .debug_abbrev  0x00000756      0x165 CMakeFiles/STM32F4xxStdFWLib.elf.dir/Drivers/CMSIS/Device/ST/STM32F4xx/Source/Templates/system_stm32f4xx.c.obj
 .debug_abbrev  0x000008bb      0x170 CMakeFiles/STM32F4xxStdFWLib.elf.dir/STM32F4xx_StdPeriph_Driver/src/misc.c.obj
 .debug_abbrev  0x00000a2b      0x1c4 CMakeFiles/STM32F4xxStdFWLib.elf.dir/STM32F4xx_StdPeriph_Driver/src/stm32f4xx_exti.c.obj
 .debug_abbrev  0x00000bef      0x1c0 CMakeFiles/STM32F4xxStdFWLib.elf.dir/STM32F4xx_StdPeriph_Driver/src/stm32f4xx_gpio.c.obj
 .debug_abbrev  0x00000daf      0x1d3 CMakeFiles/STM32F4xxStdFWLib.elf.dir/STM32F4xx_StdPeriph_Driver/src/stm32f4xx_rcc.c.obj
 .debug_abbrev  0x00000f82      0x13e CMakeFiles/STM32F4xxStdFWLib.elf.dir/STM32F4xx_StdPeriph_Driver/src/stm32f4xx_syscfg.c.obj
 .debug_abbrev  0x000010c0      0x182 CMakeFiles/STM32F4xxStdFWLib.elf.dir/STM32F4xx_StdPeriph_Driver/src/stm32f4xx_usart.c.obj

.debug_aranges  0x00000000      0x600
 .debug_aranges
                0x00000000       0x38 CMakeFiles/STM32F4xxStdFWLib.elf.dir/BSP/Src/bsp_exti.c.obj
 .debug_aranges
                0x00000038       0x30 CMakeFiles/STM32F4xxStdFWLib.elf.dir/BSP/Src/bsp_led.c.obj
 .debug_aranges
                0x00000068       0x40 CMakeFiles/STM32F4xxStdFWLib.elf.dir/BSP/Src/bsp_systick.c.obj
 .debug_aranges
                0x000000a8       0x40 CMakeFiles/STM32F4xxStdFWLib.elf.dir/BSP/Src/bsp_usart.c.obj
 .debug_aranges
                0x000000e8       0x20 CMakeFiles/STM32F4xxStdFWLib.elf.dir/Core/Src/main.c.obj
 .debug_aranges
                0x00000108       0x70 CMakeFiles/STM32F4xxStdFWLib.elf.dir/Core/Src/stm32f4xx_it.c.obj
 .debug_aranges
                0x00000178       0x28 CMakeFiles/STM32F4xxStdFWLib.elf.dir/Core/Startup/startup_stm32f429xx.s.obj
 .debug_aranges
                0x000001a0       0x30 CMakeFiles/STM32F4xxStdFWLib.elf.dir/Drivers/CMSIS/Device/ST/STM32F4xx/Source/Templates/system_stm32f4xx.c.obj
 .debug_aranges
                0x000001d0       0x40 CMakeFiles/STM32F4xxStdFWLib.elf.dir/STM32F4xx_StdPeriph_Driver/src/misc.c.obj
 .debug_aranges
                0x00000210       0x58 CMakeFiles/STM32F4xxStdFWLib.elf.dir/STM32F4xx_StdPeriph_Driver/src/stm32f4xx_exti.c.obj
 .debug_aranges
                0x00000268       0x88 CMakeFiles/STM32F4xxStdFWLib.elf.dir/STM32F4xx_StdPeriph_Driver/src/stm32f4xx_gpio.c.obj
 .debug_aranges
                0x000002f0      0x1c0 CMakeFiles/STM32F4xxStdFWLib.elf.dir/STM32F4xx_StdPeriph_Driver/src/stm32f4xx_rcc.c.obj
 .debug_aranges
                0x000004b0       0x50 CMakeFiles/STM32F4xxStdFWLib.elf.dir/STM32F4xx_StdPeriph_Driver/src/stm32f4xx_syscfg.c.obj
 .debug_aranges
                0x00000500      0x100 CMakeFiles/STM32F4xxStdFWLib.elf.dir/STM32F4xx_StdPeriph_Driver/src/stm32f4xx_usart.c.obj

.debug_ranges   0x00000000      0x528
 .debug_ranges  0x00000000       0x28 CMakeFiles/STM32F4xxStdFWLib.elf.dir/BSP/Src/bsp_exti.c.obj
 .debug_ranges  0x00000028       0x20 CMakeFiles/STM32F4xxStdFWLib.elf.dir/BSP/Src/bsp_led.c.obj
 .debug_ranges  0x00000048       0x30 CMakeFiles/STM32F4xxStdFWLib.elf.dir/BSP/Src/bsp_systick.c.obj
 .debug_ranges  0x00000078       0x30 CMakeFiles/STM32F4xxStdFWLib.elf.dir/BSP/Src/bsp_usart.c.obj
 .debug_ranges  0x000000a8       0x10 CMakeFiles/STM32F4xxStdFWLib.elf.dir/Core/Src/main.c.obj
 .debug_ranges  0x000000b8       0x60 CMakeFiles/STM32F4xxStdFWLib.elf.dir/Core/Src/stm32f4xx_it.c.obj
 .debug_ranges  0x00000118       0x20 CMakeFiles/STM32F4xxStdFWLib.elf.dir/Core/Startup/startup_stm32f429xx.s.obj
 .debug_ranges  0x00000138       0x20 CMakeFiles/STM32F4xxStdFWLib.elf.dir/Drivers/CMSIS/Device/ST/STM32F4xx/Source/Templates/system_stm32f4xx.c.obj
 .debug_ranges  0x00000158       0x30 CMakeFiles/STM32F4xxStdFWLib.elf.dir/STM32F4xx_StdPeriph_Driver/src/misc.c.obj
 .debug_ranges  0x00000188       0x48 CMakeFiles/STM32F4xxStdFWLib.elf.dir/STM32F4xx_StdPeriph_Driver/src/stm32f4xx_exti.c.obj
 .debug_ranges  0x000001d0       0x78 CMakeFiles/STM32F4xxStdFWLib.elf.dir/STM32F4xx_StdPeriph_Driver/src/stm32f4xx_gpio.c.obj
 .debug_ranges  0x00000248      0x1b0 CMakeFiles/STM32F4xxStdFWLib.elf.dir/STM32F4xx_StdPeriph_Driver/src/stm32f4xx_rcc.c.obj
 .debug_ranges  0x000003f8       0x40 CMakeFiles/STM32F4xxStdFWLib.elf.dir/STM32F4xx_StdPeriph_Driver/src/stm32f4xx_syscfg.c.obj
 .debug_ranges  0x00000438       0xf0 CMakeFiles/STM32F4xxStdFWLib.elf.dir/STM32F4xx_StdPeriph_Driver/src/stm32f4xx_usart.c.obj

.debug_line     0x00000000     0x3351
 .debug_line    0x00000000      0x272 CMakeFiles/STM32F4xxStdFWLib.elf.dir/BSP/Src/bsp_exti.c.obj
 .debug_line    0x00000272      0x27e CMakeFiles/STM32F4xxStdFWLib.elf.dir/BSP/Src/bsp_led.c.obj
 .debug_line    0x000004f0      0x2ae CMakeFiles/STM32F4xxStdFWLib.elf.dir/BSP/Src/bsp_systick.c.obj
 .debug_line    0x0000079e      0x2b6 CMakeFiles/STM32F4xxStdFWLib.elf.dir/BSP/Src/bsp_usart.c.obj
 .debug_line    0x00000a54      0x129 CMakeFiles/STM32F4xxStdFWLib.elf.dir/Core/Src/main.c.obj
 .debug_line    0x00000b7d      0x283 CMakeFiles/STM32F4xxStdFWLib.elf.dir/Core/Src/stm32f4xx_it.c.obj
 .debug_line    0x00000e00       0xb9 CMakeFiles/STM32F4xxStdFWLib.elf.dir/Core/Startup/startup_stm32f429xx.s.obj
 .debug_line    0x00000eb9      0x3db CMakeFiles/STM32F4xxStdFWLib.elf.dir/Drivers/CMSIS/Device/ST/STM32F4xx/Source/Templates/system_stm32f4xx.c.obj
 .debug_line    0x00001294      0x359 CMakeFiles/STM32F4xxStdFWLib.elf.dir/STM32F4xx_StdPeriph_Driver/src/misc.c.obj
 .debug_line    0x000015ed      0x392 CMakeFiles/STM32F4xxStdFWLib.elf.dir/STM32F4xx_StdPeriph_Driver/src/stm32f4xx_exti.c.obj
 .debug_line    0x0000197f      0x51d CMakeFiles/STM32F4xxStdFWLib.elf.dir/STM32F4xx_StdPeriph_Driver/src/stm32f4xx_gpio.c.obj
 .debug_line    0x00001e9c      0xad5 CMakeFiles/STM32F4xxStdFWLib.elf.dir/STM32F4xx_StdPeriph_Driver/src/stm32f4xx_rcc.c.obj
 .debug_line    0x00002971      0x283 CMakeFiles/STM32F4xxStdFWLib.elf.dir/STM32F4xx_StdPeriph_Driver/src/stm32f4xx_syscfg.c.obj
 .debug_line    0x00002bf4      0x75d CMakeFiles/STM32F4xxStdFWLib.elf.dir/STM32F4xx_StdPeriph_Driver/src/stm32f4xx_usart.c.obj

.debug_str      0x00000000     0x2240
 .debug_str     0x00000000      0xa67 CMakeFiles/STM32F4xxStdFWLib.elf.dir/BSP/Src/bsp_exti.c.obj
                                0xaba (size before relaxing)
 .debug_str     0x00000a67       0xc7 CMakeFiles/STM32F4xxStdFWLib.elf.dir/BSP/Src/bsp_led.c.obj
                                0x410 (size before relaxing)
 .debug_str     0x00000b2e      0x190 CMakeFiles/STM32F4xxStdFWLib.elf.dir/BSP/Src/bsp_systick.c.obj
                                0x8b8 (size before relaxing)
 .debug_str     0x00000cbe      0x142 CMakeFiles/STM32F4xxStdFWLib.elf.dir/BSP/Src/bsp_usart.c.obj
                                0xae8 (size before relaxing)
 .debug_str     0x00000e00       0x5c CMakeFiles/STM32F4xxStdFWLib.elf.dir/Core/Src/main.c.obj
                                0x212 (size before relaxing)
 .debug_str     0x00000e5c      0x115 CMakeFiles/STM32F4xxStdFWLib.elf.dir/Core/Src/stm32f4xx_it.c.obj
                                0x36e (size before relaxing)
 .debug_str     0x00000f71       0x6a CMakeFiles/STM32F4xxStdFWLib.elf.dir/Core/Startup/startup_stm32f429xx.s.obj
                                 0xb5 (size before relaxing)
 .debug_str     0x00000fdb      0x1f5 CMakeFiles/STM32F4xxStdFWLib.elf.dir/Drivers/CMSIS/Device/ST/STM32F4xx/Source/Templates/system_stm32f4xx.c.obj
                                0x477 (size before relaxing)
 .debug_str     0x000011d0      0x13b CMakeFiles/STM32F4xxStdFWLib.elf.dir/STM32F4xx_StdPeriph_Driver/src/misc.c.obj
                                0x455 (size before relaxing)
 .debug_str     0x0000130b      0x129 CMakeFiles/STM32F4xxStdFWLib.elf.dir/STM32F4xx_StdPeriph_Driver/src/stm32f4xx_exti.c.obj
                                0x3d3 (size before relaxing)
 .debug_str     0x00001434      0x1bc CMakeFiles/STM32F4xxStdFWLib.elf.dir/STM32F4xx_StdPeriph_Driver/src/stm32f4xx_gpio.c.obj
                                0x527 (size before relaxing)
 .debug_str     0x000015f0      0x6e4 CMakeFiles/STM32F4xxStdFWLib.elf.dir/STM32F4xx_StdPeriph_Driver/src/stm32f4xx_rcc.c.obj
                                0xa51 (size before relaxing)
 .debug_str     0x00001cd4      0x19c CMakeFiles/STM32F4xxStdFWLib.elf.dir/STM32F4xx_StdPeriph_Driver/src/stm32f4xx_syscfg.c.obj
                                0x395 (size before relaxing)
 .debug_str     0x00001e70      0x3d0 CMakeFiles/STM32F4xxStdFWLib.elf.dir/STM32F4xx_StdPeriph_Driver/src/stm32f4xx_usart.c.obj
                                0x716 (size before relaxing)

.comment        0x00000000       0x49
 .comment       0x00000000       0x49 CMakeFiles/STM32F4xxStdFWLib.elf.dir/BSP/Src/bsp_exti.c.obj
                                 0x4a (size before relaxing)
 .comment       0x00000049       0x4a CMakeFiles/STM32F4xxStdFWLib.elf.dir/BSP/Src/bsp_led.c.obj
 .comment       0x00000049       0x4a CMakeFiles/STM32F4xxStdFWLib.elf.dir/BSP/Src/bsp_systick.c.obj
 .comment       0x00000049       0x4a CMakeFiles/STM32F4xxStdFWLib.elf.dir/BSP/Src/bsp_usart.c.obj
 .comment       0x00000049       0x4a CMakeFiles/STM32F4xxStdFWLib.elf.dir/Core/Src/main.c.obj
 .comment       0x00000049       0x4a CMakeFiles/STM32F4xxStdFWLib.elf.dir/Core/Src/stm32f4xx_it.c.obj
 .comment       0x00000049       0x4a CMakeFiles/STM32F4xxStdFWLib.elf.dir/Drivers/CMSIS/Device/ST/STM32F4xx/Source/Templates/system_stm32f4xx.c.obj
 .comment       0x00000049       0x4a CMakeFiles/STM32F4xxStdFWLib.elf.dir/STM32F4xx_StdPeriph_Driver/src/misc.c.obj
 .comment       0x00000049       0x4a CMakeFiles/STM32F4xxStdFWLib.elf.dir/STM32F4xx_StdPeriph_Driver/src/stm32f4xx_exti.c.obj
 .comment       0x00000049       0x4a CMakeFiles/STM32F4xxStdFWLib.elf.dir/STM32F4xx_StdPeriph_Driver/src/stm32f4xx_gpio.c.obj
 .comment       0x00000049       0x4a CMakeFiles/STM32F4xxStdFWLib.elf.dir/STM32F4xx_StdPeriph_Driver/src/stm32f4xx_rcc.c.obj
 .comment       0x00000049       0x4a CMakeFiles/STM32F4xxStdFWLib.elf.dir/STM32F4xx_StdPeriph_Driver/src/stm32f4xx_syscfg.c.obj
 .comment       0x00000049       0x4a CMakeFiles/STM32F4xxStdFWLib.elf.dir/STM32F4xx_StdPeriph_Driver/src/stm32f4xx_usart.c.obj

.debug_frame    0x00000000     0x1878
 .debug_frame   0x00000000       0x98 CMakeFiles/STM32F4xxStdFWLib.elf.dir/BSP/Src/bsp_exti.c.obj
 .debug_frame   0x00000098       0x6c CMakeFiles/STM32F4xxStdFWLib.elf.dir/BSP/Src/bsp_led.c.obj
 .debug_frame   0x00000104       0xc0 CMakeFiles/STM32F4xxStdFWLib.elf.dir/BSP/Src/bsp_systick.c.obj
 .debug_frame   0x000001c4       0xc0 CMakeFiles/STM32F4xxStdFWLib.elf.dir/BSP/Src/bsp_usart.c.obj
 .debug_frame   0x00000284       0x30 CMakeFiles/STM32F4xxStdFWLib.elf.dir/Core/Src/main.c.obj
 .debug_frame   0x000002b4      0x144 CMakeFiles/STM32F4xxStdFWLib.elf.dir/Core/Src/stm32f4xx_it.c.obj
 .debug_frame   0x000003f8       0x7c CMakeFiles/STM32F4xxStdFWLib.elf.dir/Drivers/CMSIS/Device/ST/STM32F4xx/Source/Templates/system_stm32f4xx.c.obj
 .debug_frame   0x00000474       0xd8 CMakeFiles/STM32F4xxStdFWLib.elf.dir/STM32F4xx_StdPeriph_Driver/src/misc.c.obj
 .debug_frame   0x0000054c      0x148 CMakeFiles/STM32F4xxStdFWLib.elf.dir/STM32F4xx_StdPeriph_Driver/src/stm32f4xx_exti.c.obj
 .debug_frame   0x00000694      0x23c CMakeFiles/STM32F4xxStdFWLib.elf.dir/STM32F4xx_StdPeriph_Driver/src/stm32f4xx_gpio.c.obj
 .debug_frame   0x000008d0      0x83c CMakeFiles/STM32F4xxStdFWLib.elf.dir/STM32F4xx_StdPeriph_Driver/src/stm32f4xx_rcc.c.obj
 .debug_frame   0x0000110c      0x11c CMakeFiles/STM32F4xxStdFWLib.elf.dir/STM32F4xx_StdPeriph_Driver/src/stm32f4xx_syscfg.c.obj
 .debug_frame   0x00001228      0x490 CMakeFiles/STM32F4xxStdFWLib.elf.dir/STM32F4xx_StdPeriph_Driver/src/stm32f4xx_usart.c.obj
 .debug_frame   0x000016b8       0x2c c:/progra~2/gnuarm~1/102021~1.10/bin/../lib/gcc/arm-none-eabi/10.3.1/../../../../arm-none-eabi/lib/thumb/v7e-m/nofp\libg.a(lib_a-init.o)
 .debug_frame   0x000016e4       0x5c c:/progra~2/gnuarm~1/102021~1.10/bin/../lib/gcc/arm-none-eabi/10.3.1/../../../../arm-none-eabi/lib/thumb/v7e-m/nofp\libg.a(lib_a-__call_atexit.o)
 .debug_frame   0x00001740       0x20 c:/progra~2/gnuarm~1/102021~1.10/bin/../lib/gcc/arm-none-eabi/10.3.1/../../../../arm-none-eabi/lib/thumb/v7e-m/nofp\libg.a(lib_a-atexit.o)
 .debug_frame   0x00001760       0x34 c:/progra~2/gnuarm~1/102021~1.10/bin/../lib/gcc/arm-none-eabi/10.3.1/../../../../arm-none-eabi/lib/thumb/v7e-m/nofp\libg.a(lib_a-fini.o)
 .debug_frame   0x00001794       0xb0 c:/progra~2/gnuarm~1/102021~1.10/bin/../lib/gcc/arm-none-eabi/10.3.1/../../../../arm-none-eabi/lib/thumb/v7e-m/nofp\libg.a(lib_a-lock.o)
 .debug_frame   0x00001844       0x34 c:/progra~2/gnuarm~1/102021~1.10/bin/../lib/gcc/arm-none-eabi/10.3.1/../../../../arm-none-eabi/lib/thumb/v7e-m/nofp\libg.a(lib_a-__atexit.o)
